make --silent clean -C algorithms/8_queens/.
make -C algorithms/8_queens/.
make[1]: Entering directory '/mnt/passport/code/c/algorithms/8_queens'
gcc -Ofast -Wall -std=c11 generate.c -o generate
gcc -Ofast -Wall -std=c11 bruteforce.c -o bruteforce
gcc -Ofast -Wall -std=c11 permutation.c -o permutation
gcc -Ofast -Wall -std=c11 random.c -o random
gcc -Ofast -Wall -std=c11 count.c -o count
gcc -Ofast -Wall -std=c11 backtrack.c -o backtrack
make[1]: Leaving directory '/mnt/passport/code/c/algorithms/8_queens'
make --silent clean -C algorithms/8_queens/.
make --silent clean -C benchmarks/.
make -C benchmarks/.
make[1]: Entering directory '/mnt/passport/code/c/benchmarks'
gcc -Wall -std=c11 fibonacci.c -o fibonacci -lm
gcc -Wall -std=c11 ops_fp.c -o ops_fp -lm
gcc -Wall -std=c11 factorial.c -o factorial -lm
gcc -Wall -std=c11 sine_area.c -o sine_area -lm
gcc -Wall -std=c11 primes.c -o primes -lm
gcc -Wall -std=c11 pi_archimedes.c -o pi_archimedes -lm
gcc -Wall -std=c11 whetstone.c -o whetstone -lm
gcc -Wall -std=c11 ops_math.c -o ops_math -lm
gcc -Wall -std=c11 dhrystone.c -o dhrystone -lm
gcc -Wall -std=c11 ops_int.c -o ops_int -lm
gcc -Wall -std=c11 semi_cir_arc.c -o semi_cir_arc -lm
make[1]: Leaving directory '/mnt/passport/code/c/benchmarks'
make --silent clean -C benchmarks/.
make --silent clean -C fibonacci/.
make -C fibonacci/.
make[1]: Entering directory '/mnt/passport/code/c/fibonacci'
gcc fibonacci0.c -o fib0
gcc fibonacci1.c -o fib1
gcc fibonacci2.c -o fib2
gcc fibonacci3.c -o fib3
gcc fibonacci4.c -o fib4
gcc fibonacciT.c -o fibT
make[1]: Leaving directory '/mnt/passport/code/c/fibonacci'
make --silent clean -C fibonacci/.
make --silent clean -C games/.
make -C games/.
make[1]: Entering directory '/mnt/passport/code/c/games'
gcc -Ofast -Wall -std=c11 sudoku.c -o sudoku -Wno-implicit-function-declaration
gcc -Ofast -Wall -std=c11 life.c -o life -Wno-implicit-function-declaration
gcc -Ofast -Wall -std=c11 2048.c -o 2048 -Wno-implicit-function-declaration
make[1]: Leaving directory '/mnt/passport/code/c/games'
make --silent clean -C games/.
make --silent clean -C io/.
make -C io/.
make[1]: Entering directory '/mnt/passport/code/c/io'
gcc -Ofast -Wall -std=c11 read.c -o read -lm -Wno-unused-result
gcc -Ofast -Wall -std=c11 scanf.c -o scanf -lm -Wno-unused-result
gcc -Ofast -Wall -std=c11 write.c -o write -lm -Wno-unused-result
gcc -Ofast -Wall -std=c11 write1.c -o write1 -lm -Wno-unused-result
gcc -Ofast -Wall -std=c11 write2.c -o write2 -lm -Wno-unused-result
gcc -Ofast -Wall -std=c11 write3.c -o write3 -lm -Wno-unused-result
make[1]: Leaving directory '/mnt/passport/code/c/io'
make --silent clean -C io/.
make --silent clean -C little_c/.
make -C little_c/.
make[1]: Entering directory '/mnt/passport/code/c/little_c'
gcc -c -Ofast -Wall -std=c11 Parser.c
gcc -c -Ofast -Wall -std=c11 LCLib.c
gcc -c -Ofast -Wall -std=c11 LittleC.c
gcc -Ofast -Wall -std=c11 Parser.o LCLib.o LittleC.o -o lc
make[1]: Leaving directory '/mnt/passport/code/c/little_c'
make --silent clean -C little_c/.
make --silent clean -C math/.
make -C math/.
make[1]: Entering directory '/mnt/passport/code/c/math'
gcc -Ofast -Wall -std=c11 -c math.c -o math.o
gcc -Ofast -Wall -std=c11 factorize.c -o factorize math.o -lm -Wno-unused-variable -Wno-uninitialized
gcc -Ofast -Wall -std=c11 float.c -o float math.o -lm -Wno-unused-variable -Wno-uninitialized
gcc -Ofast -Wall -std=c11 linear_regression.c -o linear_regression math.o -lm -Wno-unused-variable -Wno-uninitialized
gcc -Ofast -Wall -std=c11 math_test.c -o math_test math.o -lm -Wno-unused-variable -Wno-uninitialized
gcc -Ofast -Wall -std=c11 probability.c -o probability math.o -lm -Wno-unused-variable -Wno-uninitialized
gcc -Ofast -Wall -std=c11 randfloat.c -o randfloat math.o -lm -Wno-unused-variable -Wno-uninitialized
gcc -Ofast -Wall -std=c11 randgen.c -o randgen math.o -lm -Wno-unused-variable -Wno-uninitialized
gcc -Ofast -Wall -std=c11 slope.c -o slope math.o -lm -Wno-unused-variable -Wno-uninitialized
gcc -Ofast -Wall -std=c11 square.c -o square math.o -lm -Wno-unused-variable -Wno-uninitialized
make[1]: Leaving directory '/mnt/passport/code/c/math'
make --silent clean -C math/.
make --silent clean -C math/benchmarks/.
make -C math/benchmarks/.
make[1]: Entering directory '/mnt/passport/code/c/math/benchmarks'
gcc -Ofast -Wall -std=c11 fibonacci.c -o fibonacci -lm
gcc -Ofast -Wall -std=c11 ops_fp.c -o ops_fp -lm
gcc -Ofast -Wall -std=c11 factorial.c -o factorial -lm
gcc -Ofast -Wall -std=c11 sine_area.c -o sine_area -lm
gcc -Ofast -Wall -std=c11 primes.c -o primes -lm
gcc -Ofast -Wall -std=c11 pi_archimedes.c -o pi_archimedes -lm
gcc -Ofast -Wall -std=c11 whetstone.c -o whetstone -lm
gcc -Ofast -Wall -std=c11 ops_math.c -o ops_math -lm
gcc -Ofast -Wall -std=c11 dhrystone.c -o dhrystone -lm
gcc -Ofast -Wall -std=c11 ops_int.c -o ops_int -lm
gcc -Ofast -Wall -std=c11 semi_cir_arc.c -o semi_cir_arc -lm
make[1]: Leaving directory '/mnt/passport/code/c/math/benchmarks'
make --silent clean -C math/benchmarks/.
make --silent clean -C misc/.
make -C misc/.
make[1]: Entering directory '/mnt/passport/code/c/misc'
gcc -Ofast -Wall -std=c11 types.c -o types
gcc -Ofast -Wall -std=c11 time.c -o time
gcc -Ofast -Wall -std=c11 compfunc.c -o compfunc
gcc -Ofast -Wall -std=c11 -o struct struct.c -Wno-format
gcc -Ofast -Wall -std=c11 tohex.c -o tohex
gcc -Ofast -Wall -std=c11 s4t.c -o s4t
gcc -Ofast -Wall -std=c11 s2t.c -o s2t
gcc -Ofast -Wall -std=c11 ascii.c -o ascii
gcc -Ofast -Wall -std=c11 sizes.c -o sizes
gcc -Ofast -Wall -std=c11 funcptr.c -o funcptr
gcc -Ofast -Wall -std=c11 -o xmas xmas.c -Wno-implicit-int -Wno-logical-not-parentheses
gcc -Ofast -Wall -std=c11 -o exparser exparser.c -Wno-unused-result -Wno-maybe-uninitialized
gcc -Ofast -Wall -std=c11 memory.c -o memory
gcc -Ofast -Wall -std=c11 handles.c -o handles
gcc -Ofast -Wall -std=c11 filter.c -o filter
gcc -Ofast -Wall -std=c11 vatest.c -o vatest
gcc -Ofast -Wall -std=c11 unicode.c -o unicode
gcc -Ofast -Wall -std=c11 fromhex.c -o fromhex
gcc -Ofast -Wall -std=c11 -o endianess endianess.c -Wno-sequence-point
make[1]: Leaving directory '/mnt/passport/code/c/misc'
make --silent clean -C misc/.
make --silent clean -C pointers/.
make -C pointers/.
make[1]: Entering directory '/mnt/passport/code/c/pointers'
gcc -Ofast -Wall -std=c11 arrays.c -o arrays
gcc -Ofast -Wall -std=c11 charptr.c -o charptr
gcc -Ofast -Wall -std=c11 compfunc.c -o compfunc
gcc -Ofast -Wall -std=c11 funcptr.c -o funcptr
gcc -Ofast -Wall -std=c11 handles.c -o handles
gcc -Ofast -Wall -std=c11 -o insertintoarray insertintoarray.c -Wno-unused-result
gcc -Ofast -Wall -std=c11 matrix.c -o matrix
gcc -Ofast -Wall -std=c11 null.c -o null
gcc -Ofast -Wall -std=c11 pointers.c -o pointers
gcc -Ofast -Wall -std=c11 -o struct struct.c -Wno-format
gcc -Ofast -Wall -std=c11 swapstrings.c -o swapstrings
make[1]: Leaving directory '/mnt/passport/code/c/pointers'
make --silent clean -C pointers/.
make --silent clean -C sorts/.
make -C sorts/.
make[1]: Entering directory '/mnt/passport/code/c/sorts'
gcc -Ofast -Wall -std=c11 -DWRITE -c fileutils.c
gcc -Ofast -Wall -std=c11 -DWRITE bubble.c fileutils.o -o bubble
gcc -Ofast -Wall -std=c11 -DWRITE generate.c fileutils.o -o generate
gcc -Ofast -Wall -std=c11 -DWRITE insertion.c fileutils.o -o insertion
gcc -Ofast -Wall -std=c11 -DWRITE merge.c fileutils.o -o merge
gcc -Ofast -Wall -std=c11 -DWRITE quicksort.c fileutils.o -o quicksort
gcc -Ofast -Wall -std=c11 -DWRITE selection.c fileutils.o -o selection
gcc -Ofast -Wall -std=c11 -DWRITE shell.c fileutils.o -o shell
gcc -Ofast -Wall -std=c11 -DWRITE sorts.c fileutils.o -o sorts
gcc -Ofast -Wall -std=c11 -DWRITE sorts2.c fileutils.o -o sorts2
make[1]: Leaving directory '/mnt/passport/code/c/sorts'
make --silent clean -C sorts/.
make --silent clean -C string/.
make -C string/.
make[1]: Entering directory '/mnt/passport/code/c/string'
gcc -Ofast -Wall -std=c11 -c strfunc.c -o strfunc.o
gcc -Ofast -Wall -std=c11 csv.c -o csv strfunc.o  
gcc -Ofast -Wall -std=c11 strtest.c -o strtest strfunc.o  
gcc -Ofast -Wall -std=c11 strtok.c -o strtok strfunc.o -Wno-implicit-function-declaration -Wno-format
gcc -Ofast -Wall -std=c11 test.c -o test strfunc.o  
make[1]: Leaving directory '/mnt/passport/code/c/string'
make --silent clean -C string/.
make --silent clean -C test/.
make -C test/.
make[1]: Entering directory '/mnt/passport/code/c/test'
gcc -Ofast -w -std=c11 args.c -o args
gcc -Ofast -w -std=c11 big_primes.c -o big_primes
gcc -Ofast -w -std=c11 commas.c -o commas
gcc -Ofast -w -std=c11 gcd.c -o gcd
gcc -Ofast -w -std=c11 long.c -o long
gcc -Ofast -w -std=c11 null.c -o null
gcc -Ofast -w -std=c11 primes.c -o primes
gcc -Ofast -w -std=c11 scan.c -o scan
gcc -Ofast -w -std=c11 shell.c -o shell
gcc -Ofast -w -std=c11 sizes.c -o sizes
gcc -Ofast -w -std=c11 sorts.c -o sorts
gcc -Ofast -w -std=c11 test.c -o test
gcc -Ofast -w -std=c11 types.c -o types
make[1]: Leaving directory '/mnt/passport/code/c/test'
make --silent clean -C test/.
